Script started on Thu 02 Apr 2020 11:42:52 AM EDT
]0;tuser@tutor-vserver: ~tuser@tutor-vserver:~$ gdb printbin.lnx
GNU gdb (GDB) 7.0.1-debian
Copyright (C) 2009 Free Software Foundation, Inc.
License GPLv3+: GNU GPL version 3 or later <http://gnu.org/licenses/gpl.html>
This is free software: you are free to change and redistribute it.
There is NO WARRANTY, to the extent permitted by law.  Type "show copying"
and "show warranty" for details.
This GDB was configured as "i486-linux-gnu".
For bug reporting instructions, please see:
<http://www.gnu.org/software/gdb/bugs/>...
Reading symbols from /home/tuser/printbin.lnx...done.
(gdb) tar rem /dev/ttyS0 
Remote debugging using /dev/ttyS0
0x00100100 in _start ()
(gdb) b donibble
Breakpoint 1 at 0x1001b7
(gdb) c
Continuing.

Breakpoint 1, 0x001001b7 in donibble ()
(gdb) c
Continuing.

Breakpoint 1, 0x001001b7 in donibble ()
(gdb) c
Continuing.

Program received signal SIGTRAP, Trace/breakpoint trap.
_startupc () at startup.c:7
7	startup.c: No such file or directory.
	in startup.c
(gdb) quit
A debugging session is active.

	Inferior 1 [Remote target] will be killed.

Quit anyway? (y or n) y
]0;tuser@tutor-vserver: ~tuser@tutor-vserver:~$ exit
exit

Script done on Thu 02 Apr 2020 11:46:23 AM EDT
